// Jest Snapshot v1, https://goo.gl/fbAQLP

exports[`Contacts should match snapshot 1`] = `
<RCTSafeAreaView
  emulateUnlessSupported={true}
  style={
    Object {
      "flex": 1,
    }
  }
>
  <View
    style={
      Object {
        "flex": 1,
        "padding": 20,
      }
    }
    testID="listWrapper"
  >
    <RCTScrollView
      ItemSeparatorComponent={[Function]}
      ListFooterComponent={[Function]}
      ListHeaderComponent={[Function]}
      disableVirtualization={false}
      getItem={[Function]}
      getItemCount={[Function]}
      horizontal={false}
      initialNumToRender={10}
      keyExtractor={[Function]}
      maxToRenderPerBatch={10}
      onContentSizeChange={[Function]}
      onEndReachedThreshold={2}
      onLayout={[Function]}
      onMomentumScrollEnd={[Function]}
      onScroll={[Function]}
      onScrollBeginDrag={[Function]}
      onScrollEndDrag={[Function]}
      removeClippedSubviews={false}
      renderItem={[Function]}
      scrollEventThrottle={50}
      stickyHeaderIndices={Array []}
      testID="list"
      updateCellsBatchingPeriod={50}
      viewabilityConfigCallbackPairs={Array []}
      windowSize={21}
    >
      <View>
        <View
          onLayout={[Function]}
        >
          <View
            style={
              Object {
                "padding": 15,
              }
            }
          >
            <Text>
              Contacts
            </Text>
          </View>
        </View>
        <View
          onLayout={[Function]}
        >
          <ActivityIndicator
            animating={true}
            color="#000000"
            hidesWhenStopped={true}
            size="large"
          />
        </View>
      </View>
    </RCTScrollView>
  </View>
</RCTSafeAreaView>
`;
